This is pdfTeX, Version 3.141592653-2.6-1.40.22 (TeX Live 2022/dev/Debian) (preloaded format=pdflatex 2025.5.5)  19 OCT 2025 22:39
entering extended mode
 restricted \write18 enabled.
 %&-line parsing enabled.
**design-doc.tex
(./design-doc.tex
LaTeX2e <2021-11-15> patch level 1
L3 programming layer <2022-01-21>
(/usr/share/texlive/texmf-dist/tex/latex/base/article.cls
Document Class: article 2021/10/04 v1.4n Standard LaTeX document class
(/usr/share/texlive/texmf-dist/tex/latex/base/size11.clo
File: size11.clo 2021/10/04 v1.4n Standard LaTeX file (size option)
)
\c@part=\count185
\c@section=\count186
\c@subsection=\count187
\c@subsubsection=\count188
\c@paragraph=\count189
\c@subparagraph=\count190
\c@figure=\count191
\c@table=\count192
\abovecaptionskip=\skip47
\belowcaptionskip=\skip48
\bibindent=\dimen138
)
(/usr/share/texlive/texmf-dist/tex/latex/geometry/geometry.sty
Package: geometry 2020/01/02 v5.9 Page Geometry

(/usr/share/texlive/texmf-dist/tex/latex/graphics/keyval.sty
Package: keyval 2014/10/28 v1.15 key=value parser (DPC)
\KV@toks@=\toks16
)
(/usr/share/texlive/texmf-dist/tex/generic/iftex/ifvtex.sty
Package: ifvtex 2019/10/25 v1.7 ifvtex legacy package. Use iftex instead.

(/usr/share/texlive/texmf-dist/tex/generic/iftex/iftex.sty
Package: iftex 2020/03/06 v1.0d TeX engine tests
))
\Gm@cnth=\count193
\Gm@cntv=\count194
\c@Gm@tempcnt=\count195
\Gm@bindingoffset=\dimen139
\Gm@wd@mp=\dimen140
\Gm@odd@mp=\dimen141
\Gm@even@mp=\dimen142
\Gm@layoutwidth=\dimen143
\Gm@layoutheight=\dimen144
\Gm@layouthoffset=\dimen145
\Gm@layoutvoffset=\dimen146
\Gm@dimlist=\toks17
)
(/usr/share/texlive/texmf-dist/tex/latex/graphics/graphicx.sty
Package: graphicx 2021/09/16 v1.2d Enhanced LaTeX Graphics (DPC,SPQR)

(/usr/share/texlive/texmf-dist/tex/latex/graphics/graphics.sty
Package: graphics 2021/03/04 v1.4d Standard LaTeX Graphics (DPC,SPQR)

(/usr/share/texlive/texmf-dist/tex/latex/graphics/trig.sty
Package: trig 2021/08/11 v1.11 sin cos tan (DPC)
)
(/usr/share/texlive/texmf-dist/tex/latex/graphics-cfg/graphics.cfg
File: graphics.cfg 2016/06/04 v1.11 sample graphics configuration
)
Package graphics Info: Driver file: pdftex.def on input line 107.

(/usr/share/texlive/texmf-dist/tex/latex/graphics-def/pdftex.def
File: pdftex.def 2020/10/05 v1.2a Graphics/color driver for pdftex
))
\Gin@req@height=\dimen147
\Gin@req@width=\dimen148
)
(/usr/share/texlive/texmf-dist/tex/latex/float/float.sty
Package: float 2001/11/08 v1.3d Float enhancements (AL)
\c@float@type=\count196
\float@exts=\toks18
\float@box=\box50
\@float@everytoks=\toks19
\@floatcapt=\box51
)
(/usr/share/texlive/texmf-dist/tex/latex/hyperref/hyperref.sty
Package: hyperref 2021-06-07 v7.00m Hypertext links for LaTeX

(/usr/share/texlive/texmf-dist/tex/generic/ltxcmds/ltxcmds.sty
Package: ltxcmds 2020-05-10 v1.25 LaTeX kernel commands for general use (HO)
)
(/usr/share/texlive/texmf-dist/tex/generic/pdftexcmds/pdftexcmds.sty
Package: pdftexcmds 2020-06-27 v0.33 Utility functions of pdfTeX for LuaTeX (HO
)

(/usr/share/texlive/texmf-dist/tex/generic/infwarerr/infwarerr.sty
Package: infwarerr 2019/12/03 v1.5 Providing info/warning/error messages (HO)
)
Package pdftexcmds Info: \pdf@primitive is available.
Package pdftexcmds Info: \pdf@ifprimitive is available.
Package pdftexcmds Info: \pdfdraftmode found.
)
(/usr/share/texlive/texmf-dist/tex/generic/kvsetkeys/kvsetkeys.sty
Package: kvsetkeys 2019/12/15 v1.18 Key value parser (HO)
)
(/usr/share/texlive/texmf-dist/tex/generic/kvdefinekeys/kvdefinekeys.sty
Package: kvdefinekeys 2019-12-19 v1.6 Define keys (HO)
)
(/usr/share/texlive/texmf-dist/tex/generic/pdfescape/pdfescape.sty
Package: pdfescape 2019/12/09 v1.15 Implements pdfTeX's escape features (HO)
)
(/usr/share/texlive/texmf-dist/tex/latex/hycolor/hycolor.sty
Package: hycolor 2020-01-27 v1.10 Color options for hyperref/bookmark (HO)
)
(/usr/share/texlive/texmf-dist/tex/latex/letltxmacro/letltxmacro.sty
Package: letltxmacro 2019/12/03 v1.6 Let assignment for LaTeX macros (HO)
)
(/usr/share/texlive/texmf-dist/tex/latex/auxhook/auxhook.sty
Package: auxhook 2019-12-17 v1.6 Hooks for auxiliary files (HO)
)
(/usr/share/texlive/texmf-dist/tex/latex/kvoptions/kvoptions.sty
Package: kvoptions 2020-10-07 v3.14 Key value format for package options (HO)
)
\@linkdim=\dimen149
\Hy@linkcounter=\count197
\Hy@pagecounter=\count198

(/usr/share/texlive/texmf-dist/tex/latex/hyperref/pd1enc.def
File: pd1enc.def 2021-06-07 v7.00m Hyperref: PDFDocEncoding definition (HO)
Now handling font encoding PD1 ...
... no UTF-8 mapping file for font encoding PD1
)
(/usr/share/texlive/texmf-dist/tex/latex/hyperref/hyperref-langpatches.def
File: hyperref-langpatches.def 2021-06-07 v7.00m Hyperref: patches for babel la
nguages
)
(/usr/share/texlive/texmf-dist/tex/generic/intcalc/intcalc.sty
Package: intcalc 2019/12/15 v1.3 Expandable calculations with integers (HO)
)
(/usr/share/texlive/texmf-dist/tex/generic/etexcmds/etexcmds.sty
Package: etexcmds 2019/12/15 v1.7 Avoid name clashes with e-TeX commands (HO)
)
\Hy@SavedSpaceFactor=\count199

(/usr/share/texlive/texmf-dist/tex/latex/hyperref/puenc.def
File: puenc.def 2021-06-07 v7.00m Hyperref: PDF Unicode definition (HO)
Now handling font encoding PU ...
... no UTF-8 mapping file for font encoding PU
)
Package hyperref Info: Hyper figures OFF on input line 4192.
Package hyperref Info: Link nesting OFF on input line 4197.
Package hyperref Info: Hyper index ON on input line 4200.
Package hyperref Info: Plain pages OFF on input line 4207.
Package hyperref Info: Backreferencing OFF on input line 4212.
Package hyperref Info: Implicit mode ON; LaTeX internals redefined.
Package hyperref Info: Bookmarks ON on input line 4445.
\c@Hy@tempcnt=\count266

(/usr/share/texlive/texmf-dist/tex/latex/url/url.sty
\Urlmuskip=\muskip16
Package: url 2013/09/16  ver 3.4  Verb mode for urls, etc.
)
LaTeX Info: Redefining \url on input line 4804.
\XeTeXLinkMargin=\dimen150

(/usr/share/texlive/texmf-dist/tex/generic/bitset/bitset.sty
Package: bitset 2019/12/09 v1.3 Handle bit-vector datatype (HO)

(/usr/share/texlive/texmf-dist/tex/generic/bigintcalc/bigintcalc.sty
Package: bigintcalc 2019/12/15 v1.5 Expandable calculations on big integers (HO
)
))
\Fld@menulength=\count267
\Field@Width=\dimen151
\Fld@charsize=\dimen152
Package hyperref Info: Hyper figures OFF on input line 6076.
Package hyperref Info: Link nesting OFF on input line 6081.
Package hyperref Info: Hyper index ON on input line 6084.
Package hyperref Info: backreferencing OFF on input line 6091.
Package hyperref Info: Link coloring OFF on input line 6096.
Package hyperref Info: Link coloring with OCG OFF on input line 6101.
Package hyperref Info: PDF/A mode OFF on input line 6106.
LaTeX Info: Redefining \ref on input line 6146.
LaTeX Info: Redefining \pageref on input line 6150.

(/usr/share/texlive/texmf-dist/tex/latex/base/atbegshi-ltx.sty
Package: atbegshi-ltx 2021/01/10 v1.0c Emulation of the original atbegshi
package with kernel methods
)
\Hy@abspage=\count268
\c@Item=\count269
\c@Hfootnote=\count270
)
Package hyperref Info: Driver (autodetected): hpdftex.

(/usr/share/texlive/texmf-dist/tex/latex/hyperref/hpdftex.def
File: hpdftex.def 2021-06-07 v7.00m Hyperref driver for pdfTeX

(/usr/share/texlive/texmf-dist/tex/latex/base/atveryend-ltx.sty
Package: atveryend-ltx 2020/08/19 v1.0a Emulation of the original atveryend pac
kage
with kernel methods
)
\Fld@listcount=\count271
\c@bookmark@seq@number=\count272

(/usr/share/texlive/texmf-dist/tex/latex/rerunfilecheck/rerunfilecheck.sty
Package: rerunfilecheck 2019/12/05 v1.9 Rerun checks for auxiliary files (HO)

(/usr/share/texlive/texmf-dist/tex/generic/uniquecounter/uniquecounter.sty
Package: uniquecounter 2019/12/15 v1.4 Provide unlimited unique counter (HO)
)
Package uniquecounter Info: New unique counter `rerunfilecheck' on input line 2
86.
)
\Hy@SectionHShift=\skip49
)
(/usr/share/texlive/texmf-dist/tex/latex/enumitem/enumitem.sty
Package: enumitem 2019/06/20 v3.9 Customized lists
\labelindent=\skip50
\enit@outerparindent=\dimen153
\enit@toks=\toks20
\enit@inbox=\box52
\enit@count@id=\count273
\enitdp@description=\count274
)
(/usr/share/texlive/texmf-dist/tex/latex/l3backend/l3backend-pdftex.def
File: l3backend-pdftex.def 2022-01-12 L3 backend support: PDF output (pdfTeX)
\l__color_backend_stack_int=\count275
\l__pdf_internal_box=\box53
)
(./design-doc.aux)
\openout1 = `design-doc.aux'.

LaTeX Font Info:    Checking defaults for OML/cmm/m/it on input line 13.
LaTeX Font Info:    ... okay on input line 13.
LaTeX Font Info:    Checking defaults for OMS/cmsy/m/n on input line 13.
LaTeX Font Info:    ... okay on input line 13.
LaTeX Font Info:    Checking defaults for OT1/cmr/m/n on input line 13.
LaTeX Font Info:    ... okay on input line 13.
LaTeX Font Info:    Checking defaults for T1/cmr/m/n on input line 13.
LaTeX Font Info:    ... okay on input line 13.
LaTeX Font Info:    Checking defaults for TS1/cmr/m/n on input line 13.
LaTeX Font Info:    ... okay on input line 13.
LaTeX Font Info:    Checking defaults for OMX/cmex/m/n on input line 13.
LaTeX Font Info:    ... okay on input line 13.
LaTeX Font Info:    Checking defaults for U/cmr/m/n on input line 13.
LaTeX Font Info:    ... okay on input line 13.
LaTeX Font Info:    Checking defaults for PD1/pdf/m/n on input line 13.
LaTeX Font Info:    ... okay on input line 13.
LaTeX Font Info:    Checking defaults for PU/pdf/m/n on input line 13.
LaTeX Font Info:    ... okay on input line 13.

*geometry* driver: auto-detecting
*geometry* detected driver: pdftex
*geometry* verbose mode - [ preamble ] result:
* driver: pdftex
* paper: <default>
* layout: <same size as paper>
* layoutoffset:(h,v)=(0.0pt,0.0pt)
* modes: 
* h-part:(L,W,R)=(72.26999pt, 469.75502pt, 72.26999pt)
* v-part:(T,H,B)=(72.26999pt, 650.43001pt, 72.26999pt)
* \paperwidth=614.295pt
* \paperheight=794.96999pt
* \textwidth=469.75502pt
* \textheight=650.43001pt
* \oddsidemargin=0.0pt
* \evensidemargin=0.0pt
* \topmargin=-37.0pt
* \headheight=12.0pt
* \headsep=25.0pt
* \topskip=11.0pt
* \footskip=30.0pt
* \marginparwidth=59.0pt
* \marginparsep=10.0pt
* \columnsep=10.0pt
* \skip\footins=10.0pt plus 4.0pt minus 2.0pt
* \hoffset=0.0pt
* \voffset=0.0pt
* \mag=1000
* \@twocolumnfalse
* \@twosidefalse
* \@mparswitchfalse
* \@reversemarginfalse
* (1in=72.27pt=25.4mm, 1cm=28.453pt)

(/usr/share/texlive/texmf-dist/tex/context/base/mkii/supp-pdf.mkii
[Loading MPS to PDF converter (version 2006.09.02).]
\scratchcounter=\count276
\scratchdimen=\dimen154
\scratchbox=\box54
\nofMPsegments=\count277
\nofMParguments=\count278
\everyMPshowfont=\toks21
\MPscratchCnt=\count279
\MPscratchDim=\dimen155
\MPnumerator=\count280
\makeMPintoPDFobject=\count281
\everyMPtoPDFconversion=\toks22
) (/usr/share/texlive/texmf-dist/tex/latex/epstopdf-pkg/epstopdf-base.sty
Package: epstopdf-base 2020-01-24 v2.11 Base part for package epstopdf
Package epstopdf-base Info: Redefining graphics rule for `.eps' on input line 4
85.

(/usr/share/texlive/texmf-dist/tex/latex/latexconfig/epstopdf-sys.cfg
File: epstopdf-sys.cfg 2010/07/13 v1.3 Configuration of (r)epstopdf for TeX Liv
e
))
Package hyperref Info: Link coloring OFF on input line 13.

(/usr/share/texlive/texmf-dist/tex/latex/hyperref/nameref.sty
Package: nameref 2021-04-02 v2.47 Cross-referencing by name of section

(/usr/share/texlive/texmf-dist/tex/latex/refcount/refcount.sty
Package: refcount 2019/12/15 v3.6 Data extraction from label references (HO)
)
(/usr/share/texlive/texmf-dist/tex/generic/gettitlestring/gettitlestring.sty
Package: gettitlestring 2019/12/15 v1.6 Cleanup title references (HO)
)
\c@section@level=\count282
)
LaTeX Info: Redefining \ref on input line 13.
LaTeX Info: Redefining \pageref on input line 13.
LaTeX Info: Redefining \nameref on input line 13.

(./design-doc.out) (./design-doc.out)
\@outlinefile=\write3
\openout3 = `design-doc.out'.

LaTeX Font Info:    External font `cmex10' loaded for size
(Font)              <12> on input line 15.
LaTeX Font Info:    External font `cmex10' loaded for size
(Font)              <8> on input line 15.
LaTeX Font Info:    External font `cmex10' loaded for size
(Font)              <6> on input line 15.
 (./design-doc.toc
LaTeX Font Info:    External font `cmex10' loaded for size
(Font)              <10.95> on input line 5.
 [1

{/var/lib/texmf/fonts/map/pdftex/updmap/pdftex.map}])
\tf@toc=\write4
\openout4 = `design-doc.toc'.

 [2]
LaTeX Font Info:    Font shape `OT1/cmtt/bx/n' in size <12> not available
(Font)              Font shape `OT1/cmtt/m/n' tried instead on input line 51.
 [3]
Overfull \hbox (30.59846pt too wide) in paragraph at lines 82--83
[]\OT1/cmr/m/n/10.95 User name al-ready reg-is-tered or not al-pha-betic (\OT1/
cmtt/m/n/10.95 reason\OT1/cmr/m/n/10.95 : \OT1/cmtt/m/n/10.95 "user[]name must 
contain only alphabetic
 []

[4] [5]
LaTeX Font Info:    Trying to load font information for OMS+cmtt on input line 
169.
LaTeX Font Info:    No file OMScmtt.fd. on input line 169.


LaTeX Font Warning: Font shape `OMS/cmtt/m/n' undefined
(Font)              using `OMS/cmsy/m/n' instead
(Font)              for symbol `textbraceleft' on input line 169.


Overfull \hbox (35.14883pt too wide) in paragraph at lines 194--195
 []\OT1/cmr/bx/n/10.95 Common Fail-ure Rea-sons[] \OT1/cmr/m/n/10.95 If no DSS 
is con-fig-ured the man-ager re-sponds with \OT1/cmtt/m/n/10.95 status[]code="F
AILURE"
 []

[6]
Overfull \hbox (1.63737pt too wide) in paragraph at lines 227--227
[]      \OT1/cmtt/m/n/10.95 {"disk_name": "DiskD", "ipv4_address": "192.0.2.21"
, "command_port": 21208},[] 
 []


Overfull \hbox (1.63737pt too wide) in paragraph at lines 227--227
[]      \OT1/cmtt/m/n/10.95 {"disk_name": "DiskE", "ipv4_address": "192.0.2.22"
, "command_port": 21210},[] 
 []

[7]
Overfull \hbox (1.63737pt too wide) in paragraph at lines 294--294
[]      \OT1/cmtt/m/n/10.95 {"disk_name": "DiskD", "ipv4_address": "192.0.2.21"
, "command_port": 21208},[] 
 []


Overfull \hbox (1.63737pt too wide) in paragraph at lines 294--294
[]      \OT1/cmtt/m/n/10.95 {"disk_name": "DiskE", "ipv4_address": "192.0.2.22"
, "command_port": 21210},[] 
 []

[8] [9]
Overfull \hbox (5.40752pt too wide) in paragraph at lines 357--358
 []\OT1/cmr/bx/n/10.95 Purpose[] \OT1/cmr/m/n/10.95 Write re-con-structed data 
or par-ity back to the failed disk. The body mir-rors \OT1/cmtt/m/n/10.95 write
[]block
 []

[10

]
Overfull \hbox (17.43497pt too wide) in paragraph at lines 367--368
[]\OT1/cmr/m/n/10.95 Parity is com-puted with \OT1/cmtt/m/n/10.95 compute[]xor[
]parity \OT1/cmr/m/n/10.95 and ro-tates via \OT1/cmtt/m/n/10.95 parity[]disk = 
n - ((stripe[]number
 []


Overfull \hbox (33.5228pt too wide) in paragraph at lines 388--389
[]\OT1/cmtt/m/n/10.95 blocks\OT1/cmr/m/n/10.95 : dic-tio-nary keyed by \OT1/cmt
t/m/n/10.95 (dss[]name, file[]name, stripe[]number) \OT1/cmr/m/n/10.95 stor-ing
 im-mutable \OT1/cmtt/m/n/10.95 BlockRecord
 []

[11]
<../screenshots/diagram-screenshots/manager-commands/1_register-user.png, id=26
6, 1101.11375pt x 763.85374pt>
File: ../screenshots/diagram-screenshots/manager-commands/1_register-user.png G
raphic file (type png)
<use ../screenshots/diagram-screenshots/manager-commands/1_register-user.png>
Package pdftex.def Info: ../screenshots/diagram-screenshots/manager-commands/1_
register-user.png  used on input line 425.
(pdftex.def)             Requested size: 399.29463pt x 276.99187pt.
 [12]
<../screenshots/diagram-screenshots/manager-commands/2_register-disk.png, id=27
2, 1162.3425pt x 718.685pt>
File: ../screenshots/diagram-screenshots/manager-commands/2_register-disk.png G
raphic file (type png)
<use ../screenshots/diagram-screenshots/manager-commands/2_register-disk.png>
Package pdftex.def Info: ../screenshots/diagram-screenshots/manager-commands/2_
register-disk.png  used on input line 432.
(pdftex.def)             Requested size: 399.29463pt x 246.88286pt.
 [13 <../screenshots/diagram-screenshots/manager-commands/1_register-user.png (
PNG copy)>]
<../screenshots/diagram-screenshots/manager-commands/3_configure-dss.png, id=27
9, 978.65625pt x 737.75626pt>
File: ../screenshots/diagram-screenshots/manager-commands/3_configure-dss.png G
raphic file (type png)
<use ../screenshots/diagram-screenshots/manager-commands/3_configure-dss.png>
Package pdftex.def Info: ../screenshots/diagram-screenshots/manager-commands/3_
configure-dss.png  used on input line 439.
(pdftex.def)             Requested size: 399.29463pt x 301.00732pt.
<../screenshots/diagram-screenshots/manager-commands/4_ls.png, id=280, 1031.855
pt x 813.0375pt>
File: ../screenshots/diagram-screenshots/manager-commands/4_ls.png Graphic file
 (type png)
<use ../screenshots/diagram-screenshots/manager-commands/4_ls.png>
Package pdftex.def Info: ../screenshots/diagram-screenshots/manager-commands/4_
ls.png  used on input line 446.
(pdftex.def)             Requested size: 399.29463pt x 314.61456pt.
 [14 <../screenshots/diagram-screenshots/manager-commands/2_register-disk.png (
PNG copy)> <../screenshots/diagram-screenshots/manager-commands/3_configure-dss
.png (PNG copy)>]
<../screenshots/diagram-screenshots/manager-commands/5_copy.png, id=287, 899.36
pt x 741.77126pt>
File: ../screenshots/diagram-screenshots/manager-commands/5_copy.png Graphic fi
le (type png)
<use ../screenshots/diagram-screenshots/manager-commands/5_copy.png>
Package pdftex.def Info: ../screenshots/diagram-screenshots/manager-commands/5_
copy.png  used on input line 453.
(pdftex.def)             Requested size: 399.29463pt x 329.32318pt.
 [15 <../screenshots/diagram-screenshots/manager-commands/4_ls.png (PNG copy)>]
<../screenshots/diagram-screenshots/manager-commands/6_copy-complete.png, id=29
3, 1148.29pt x 720.6925pt>
File: ../screenshots/diagram-screenshots/manager-commands/6_copy-complete.png G
raphic file (type png)
<use ../screenshots/diagram-screenshots/manager-commands/6_copy-complete.png>
Package pdftex.def Info: ../screenshots/diagram-screenshots/manager-commands/6_
copy-complete.png  used on input line 460.
(pdftex.def)             Requested size: 399.29463pt x 250.59662pt.
 [16 <../screenshots/diagram-screenshots/manager-commands/5_copy.png (PNG copy)
>]
<../screenshots/diagram-screenshots/manager-commands/7_read.png, id=299, 782.92
5pt x 752.8125pt>
File: ../screenshots/diagram-screenshots/manager-commands/7_read.png Graphic fi
le (type png)
<use ../screenshots/diagram-screenshots/manager-commands/7_read.png>
Package pdftex.def Info: ../screenshots/diagram-screenshots/manager-commands/7_
read.png  used on input line 467.
(pdftex.def)             Requested size: 399.29463pt x 383.94078pt.
 [17 <../screenshots/diagram-screenshots/manager-commands/6_copy-complete.png (
PNG copy)>]
<../screenshots/diagram-screenshots/manager-commands/8_read-complete.png, id=30
5, 1145.27875pt x 717.68124pt>
File: ../screenshots/diagram-screenshots/manager-commands/8_read-complete.png G
raphic file (type png)
<use ../screenshots/diagram-screenshots/manager-commands/8_read-complete.png>
Package pdftex.def Info: ../screenshots/diagram-screenshots/manager-commands/8_
read-complete.png  used on input line 474.
(pdftex.def)             Requested size: 399.29463pt x 250.21756pt.
 [18 <../screenshots/diagram-screenshots/manager-commands/7_read.png (PNG copy)
>]
<../screenshots/diagram-screenshots/manager-commands/9_disk-failure.png, id=311
, 951.555pt x 793.96625pt>
File: ../screenshots/diagram-screenshots/manager-commands/9_disk-failure.png Gr
aphic file (type png)
<use ../screenshots/diagram-screenshots/manager-commands/9_disk-failure.png>
Package pdftex.def Info: ../screenshots/diagram-screenshots/manager-commands/9_
disk-failure.png  used on input line 481.
(pdftex.def)             Requested size: 399.29463pt x 333.17279pt.
 [19 <../screenshots/diagram-screenshots/manager-commands/8_read-complete.png (
PNG copy)>]
<../screenshots/diagram-screenshots/manager-commands/10_recovery-complete.png, 
id=318, 1134.2375pt x 695.59875pt>
File: ../screenshots/diagram-screenshots/manager-commands/10_recovery-complete.
png Graphic file (type png)
<use ../screenshots/diagram-screenshots/manager-commands/10_recovery-complete.p
ng>
Package pdftex.def Info: ../screenshots/diagram-screenshots/manager-commands/10
_recovery-complete.png  used on input line 488.
(pdftex.def)             Requested size: 399.29463pt x 244.87486pt.
 [20 <../screenshots/diagram-screenshots/manager-commands/9_disk-failure.png (P
NG copy)>]
<../screenshots/diagram-screenshots/manager-commands/11_decommission-dss.png, i
d=324, 1162.3425pt x 721.69624pt>
File: ../screenshots/diagram-screenshots/manager-commands/11_decommission-dss.p
ng Graphic file (type png)
<use ../screenshots/diagram-screenshots/manager-commands/11_decommission-dss.pn
g>
Package pdftex.def Info: ../screenshots/diagram-screenshots/manager-commands/11
_decommission-dss.png  used on input line 495.
(pdftex.def)             Requested size: 399.29463pt x 247.9173pt.
<../screenshots/diagram-screenshots/manager-commands/12_deregister-user.png, id
=325, 1085.05376pt x 773.89125pt>
File: ../screenshots/diagram-screenshots/manager-commands/12_deregister-user.pn
g Graphic file (type png)
<use ../screenshots/diagram-screenshots/manager-commands/12_deregister-user.png
>
Package pdftex.def Info: ../screenshots/diagram-screenshots/manager-commands/12
_deregister-user.png  used on input line 502.
(pdftex.def)             Requested size: 399.29463pt x 284.78835pt.

[21 <../screenshots/diagram-screenshots/manager-commands/10_recovery-complete.p
ng (PNG copy)> <../screenshots/diagram-screenshots/manager-commands/11_decommis
sion-dss.png (PNG copy)>]
<../screenshots/diagram-screenshots/manager-commands/13_deregister-disk.png, id
=332, 1048.91875pt x 773.89125pt>
File: ../screenshots/diagram-screenshots/manager-commands/13_deregister-disk.pn
g Graphic file (type png)
<use ../screenshots/diagram-screenshots/manager-commands/13_deregister-disk.png
>
Package pdftex.def Info: ../screenshots/diagram-screenshots/manager-commands/13
_deregister-disk.png  used on input line 509.
(pdftex.def)             Requested size: 399.29463pt x 294.6013pt.
 [22 <../screenshots/diagram-screenshots/manager-commands/12_deregister-user.pn
g (PNG copy)>]
<../screenshots/diagram-screenshots/P2P-commands/1_write-block.png, id=338, 100
1.7425pt x 749.80125pt>
File: ../screenshots/diagram-screenshots/P2P-commands/1_write-block.png Graphic
 file (type png)
<use ../screenshots/diagram-screenshots/P2P-commands/1_write-block.png>
Package pdftex.def Info: ../screenshots/diagram-screenshots/P2P-commands/1_writ
e-block.png  used on input line 517.
(pdftex.def)             Requested size: 399.29463pt x 298.87405pt.
 [23 <../screenshots/diagram-screenshots/manager-commands/13_deregister-disk.pn
g (PNG copy)>]
<../screenshots/diagram-screenshots/P2P-commands/2_read-block.png, id=344, 911.
405pt x 748.7975pt>
File: ../screenshots/diagram-screenshots/P2P-commands/2_read-block.png Graphic 
file (type png)
<use ../screenshots/diagram-screenshots/P2P-commands/2_read-block.png>
Package pdftex.def Info: ../screenshots/diagram-screenshots/P2P-commands/2_read
-block.png  used on input line 524.
(pdftex.def)             Requested size: 399.29463pt x 328.05513pt.
 [24 <../screenshots/diagram-screenshots/P2P-commands/1_write-block.png (PNG co
py)>]
<../screenshots/diagram-screenshots/P2P-commands/3_fail.png, id=350, 904.37875p
t x 745.78625pt>
File: ../screenshots/diagram-screenshots/P2P-commands/3_fail.png Graphic file (
type png)
<use ../screenshots/diagram-screenshots/P2P-commands/3_fail.png>
Package pdftex.def Info: ../screenshots/diagram-screenshots/P2P-commands/3_fail
.png  used on input line 531.
(pdftex.def)             Requested size: 399.29463pt x 329.27356pt.
 [25 <../screenshots/diagram-screenshots/P2P-commands/2_read-block.png (PNG cop
y)>]
<../screenshots/diagram-screenshots/P2P-commands/4_read-block-for-recovery.png,
 id=357, 977.6525pt x 752.8125pt>
File: ../screenshots/diagram-screenshots/P2P-commands/4_read-block-for-recovery
.png Graphic file (type png)
<use ../screenshots/diagram-screenshots/P2P-commands/4_read-block-for-recovery.
png>
Package pdftex.def Info: ../screenshots/diagram-screenshots/P2P-commands/4_read
-block-for-recovery.png  used on input line 538.
(pdftex.def)             Requested size: 399.29463pt x 307.47195pt.
 [26 <../screenshots/diagram-screenshots/P2P-commands/3_fail.png (PNG copy)>]
<../screenshots/diagram-screenshots/P2P-commands/5_write-recovered-block.png, i
d=363, 976.64874pt x 747.79375pt>
File: ../screenshots/diagram-screenshots/P2P-commands/5_write-recovered-block.p
ng Graphic file (type png)
<use ../screenshots/diagram-screenshots/P2P-commands/5_write-recovered-block.pn
g>
Package pdftex.def Info: ../screenshots/diagram-screenshots/P2P-commands/5_writ
e-recovered-block.png  used on input line 545.
(pdftex.def)             Requested size: 399.29463pt x 305.73022pt.
 [27 <../screenshots/diagram-screenshots/P2P-commands/4_read-block-for-recovery
.png (PNG copy)>]
<../screenshots/diagram-screenshots/P2P-commands/6_delete-all.png, id=369, 1051
.93pt x 813.0375pt>
File: ../screenshots/diagram-screenshots/P2P-commands/6_delete-all.png Graphic 
file (type png)
<use ../screenshots/diagram-screenshots/P2P-commands/6_delete-all.png>
Package pdftex.def Info: ../screenshots/diagram-screenshots/P2P-commands/6_dele
te-all.png  used on input line 552.
(pdftex.def)             Requested size: 399.29463pt x 308.61009pt.

[28 <../screenshots/diagram-screenshots/P2P-commands/5_write-recovered-block.pn
g (PNG copy)>]
<../screenshots/git-screenshots/1_git-log.png, id=375, 848.16875pt x 378.41376p
t>
File: ../screenshots/git-screenshots/1_git-log.png Graphic file (type png)
<use ../screenshots/git-screenshots/1_git-log.png>
Package pdftex.def Info: ../screenshots/git-screenshots/1_git-log.png  used on 
input line 561.
(pdftex.def)             Requested size: 469.75502pt x 209.58328pt.
 [29 <../screenshots/diagram-screenshots/P2P-commands/6_delete-all.png (PNG cop
y)> <../screenshots/git-screenshots/1_git-log.png (PNG copy)>]
<../screenshots/git-screenshots/2_git-reflog.png, id=382, 1090.0725pt x 457.71p
t>
File: ../screenshots/git-screenshots/2_git-reflog.png Graphic file (type png)
<use ../screenshots/git-screenshots/2_git-reflog.png>
Package pdftex.def Info: ../screenshots/git-screenshots/2_git-reflog.png  used 
on input line 575.
(pdftex.def)             Requested size: 469.75502pt x 197.24448pt.
<../screenshots/git-screenshots/4_git-fsck.png, id=383, 426.59375pt x 53.19875p
t>
File: ../screenshots/git-screenshots/4_git-fsck.png Graphic file (type png)
<use ../screenshots/git-screenshots/4_git-fsck.png>
Package pdftex.def Info: ../screenshots/git-screenshots/4_git-fsck.png  used on
 input line 582.
(pdftex.def)             Requested size: 469.75502pt x 58.58453pt.

[30 <../screenshots/git-screenshots/2_git-reflog.png (PNG copy)> <../screenshot
s/git-screenshots/4_git-fsck.png (PNG copy)>] [31] (./design-doc.aux)

LaTeX Font Warning: Some font shapes were not available, defaults substituted.

Package rerunfilecheck Info: File `design-doc.out' has not changed.
(rerunfilecheck)             Checksum: D04596123343DB60A9F4F6A006046D17;5526.
 ) 
Here is how much of TeX's memory you used:
 9395 strings out of 480247
 155304 string characters out of 5896152
 451838 words of memory out of 5000000
 27075 multiletter control sequences out of 15000+600000
 475108 words of font info for 48 fonts, out of 8000000 for 9000
 14 hyphenation exceptions out of 8191
 60i,7n,63p,424b,470s stack positions out of 5000i,500n,10000p,200000b,80000s
 </home/parker/.texlive2021/texmf-var/fonts/pk/ljfour/jknappen/ec/tcrm1095.60
0pk></usr/share/texlive/texmf-dist/fonts/type1/public/amsfonts/cm/cmbx10.pfb></
usr/share/texlive/texmf-dist/fonts/type1/public/amsfonts/cm/cmbx12.pfb></usr/sh
are/texlive/texmf-dist/fonts/type1/public/amsfonts/cm/cmmi10.pfb></usr/share/te
xlive/texmf-dist/fonts/type1/public/amsfonts/cm/cmr10.pfb></usr/share/texlive/t
exmf-dist/fonts/type1/public/amsfonts/cm/cmr12.pfb></usr/share/texlive/texmf-di
st/fonts/type1/public/amsfonts/cm/cmr17.pfb></usr/share/texlive/texmf-dist/font
s/type1/public/amsfonts/cm/cmsy10.pfb></usr/share/texlive/texmf-dist/fonts/type
1/public/amsfonts/cm/cmtt10.pfb></usr/share/texlive/texmf-dist/fonts/type1/publ
ic/amsfonts/cm/cmtt12.pfb>
Output written on design-doc.pdf (31 pages, 1199385 bytes).
PDF statistics:
 485 PDF objects out of 1000 (max. 8388607)
 406 compressed objects within 5 object streams
 143 named destinations out of 1000 (max. 500000)
 367 words of extra memory for PDF output out of 10000 (max. 10000000)

