\BOOKMARK [1][-]{section.1}{\376\377\000O\000v\000e\000r\000v\000i\000e\000w}{}% 1
\BOOKMARK [1][-]{section.2}{\376\377\000M\000i\000l\000e\000s\000t\000o\000n\000e\000\040\000D\000e\000s\000i\000g\000n\000\040\000D\000o\000c\000u\000m\000e\000n\000t\000\040\000\050\0005\0000\000\045\000\051}{}% 2
\BOOKMARK [2][-]{subsection.2.1}{\376\377\000A\000p\000p\000l\000i\000c\000a\000t\000i\000o\000n\000\040\000O\000v\000e\000r\000v\000i\000e\000w}{section.2}% 3
\BOOKMARK [2][-]{subsection.2.2}{\376\377\000M\000e\000s\000s\000a\000g\000e\000\040\000F\000o\000r\000m\000a\000t\000s\000\040\000f\000o\000r\000\040\000I\000m\000p\000l\000e\000m\000e\000n\000t\000e\000d\000\040\000C\000o\000m\000m\000a\000n\000d\000s}{section.2}% 4
\BOOKMARK [3][-]{subsubsection.2.2.1}{\376\377\000C\000o\000m\000m\000a\000n\000d\000:\000\040\000<\000N\000A\000M\000E\000>}{subsection.2.2}% 5
\BOOKMARK [2][-]{subsection.2.3}{\376\377\000T\000i\000m\000e\040\023\000S\000p\000a\000c\000e\000\040\000D\000i\000a\000g\000r\000a\000m\000s}{section.2}% 6
\BOOKMARK [3][-]{subsubsection.2.3.1}{\376\377\000C\000o\000m\000m\000a\000n\000d\000:\000\040\000<\000N\000A\000M\000E\000>}{subsection.2.3}% 7
\BOOKMARK [2][-]{subsection.2.4}{\376\377\000D\000a\000t\000a\000\040\000S\000t\000r\000u\000c\000t\000u\000r\000e\000s\000\040\000a\000n\000d\000\040\000D\000e\000s\000i\000g\000n\000\040\000D\000e\000c\000i\000s\000i\000o\000n\000s}{section.2}% 8
\BOOKMARK [3][-]{subsubsection.2.4.1}{\376\377\000M\000a\000n\000a\000g\000e\000r\000\040\000S\000t\000a\000t\000e}{subsection.2.4}% 9
\BOOKMARK [3][-]{subsubsection.2.4.2}{\376\377\000C\000l\000i\000e\000n\000t\000/\000U\000s\000e\000r\000\040\000S\000t\000a\000t\000e}{subsection.2.4}% 10
\BOOKMARK [3][-]{subsubsection.2.4.3}{\376\377\000P\000r\000o\000t\000o\000c\000o\000l\000\040\000a\000n\000d\000\040\000M\000e\000s\000s\000a\000g\000e\000\040\000C\000h\000o\000i\000c\000e\000s}{subsection.2.4}% 11
\BOOKMARK [2][-]{subsection.2.5}{\376\377\000S\000c\000r\000e\000e\000n\000s\000h\000o\000t\000s}{section.2}% 12
\BOOKMARK [2][-]{subsection.2.6}{\376\377\000V\000i\000d\000e\000o\000\040\000D\000e\000m\000o\000\040\000L\000i\000n\000k\000\040\000a\000n\000d\000\040\000T\000i\000m\000e\000s\000t\000a\000m\000p\000s\000\040\000\050\0003\000\050\000a\000\051\040\023\0003\000\050\000f\000\051\000\051}{section.2}% 13
\BOOKMARK [1][-]{section.3}{\376\377\000E\000x\000t\000e\000n\000d\000e\000d\000\040\000D\000e\000s\000i\000g\000n\000\040\000f\000o\000r\000\040\000F\000u\000l\000l\000\040\000P\000r\000o\000j\000e\000c\000t\000\040\000\050\0003\0000\000\045\000\051}{}% 14
\BOOKMARK [2][-]{subsection.3.1}{\376\377\000A\000d\000d\000i\000t\000i\000o\000n\000a\000l\000\040\000C\000o\000m\000m\000a\000n\000d\000s\000\040\000I\000m\000p\000l\000e\000m\000e\000n\000t\000e\000d}{section.3}% 15
\BOOKMARK [3][-]{subsubsection.3.1.1}{\376\377\000C\000o\000m\000m\000a\000n\000d\000:\000\040\000<\000N\000A\000M\000E\000>}{subsection.3.1}% 16
\BOOKMARK [2][-]{subsection.3.2}{\376\377\000U\000p\000d\000a\000t\000e\000d\000\040\000D\000e\000s\000i\000g\000n\000\040\000D\000e\000c\000i\000s\000i\000o\000n\000s\000\040\000a\000n\000d\000\040\000U\000s\000e\000\040\000o\000f\000\040\000T\000h\000r\000e\000a\000d\000s}{section.3}% 17
\BOOKMARK [2][-]{subsection.3.3}{\376\377\000S\000c\000r\000e\000e\000n\000s\000h\000o\000t\000s\000\040\000\050\000R\000e\000p\000e\000a\000t\000\040\000I\000t\000e\000m\000s\000\040\000f\000r\000o\000m\000\040\000S\000t\000e\000p\000\040\0001\000\040\000o\000f\000\040\000\247\0004\000.\0001\000\051}{section.3}% 18
\BOOKMARK [2][-]{subsection.3.4}{\376\377\000V\000i\000d\000e\000o\000\040\000T\000i\000m\000e\000s\000t\000a\000m\000p\000s\000\040\000\050\0003\000\050\000a\000\051\040\023\0003\000\050\000h\000\051\000\051}{section.3}% 19
\BOOKMARK [1][-]{appendix.A}{\376\377\000M\000e\000s\000s\000a\000g\000e\000\040\000F\000o\000r\000m\000a\000t\000\040\000T\000e\000m\000p\000l\000a\000t\000e}{}% 20
\BOOKMARK [1][-]{appendix.B}{\376\377\000T\000i\000m\000e\040\023\000S\000p\000a\000c\000e\000\040\000D\000i\000a\000g\000r\000a\000m\000\040\000N\000o\000t\000e\000s}{}% 21
